This is pdfTeX, Version 3.141592653-2.6-1.40.29 (TeX Live 2026/Arch Linux) (preloaded format=pdflatex 2026.3.30)  30 MAR 2026 21:39
entering extended mode
 restricted \write18 enabled.
 file:line:error style messages enabled.
 %&-line parsing enabled.
**HW3.tex
(./HW3.tex
LaTeX2e <2025-11-01>
L3 programming layer <2026-01-19>
(/usr/share/texmf-dist/tex/latex/base/article.cls
Document Class: article 2025/01/22 v1.4n Standard LaTeX document class
(/usr/share/texmf-dist/tex/latex/base/size10.clo
File: size10.clo 2025/01/22 v1.4n Standard LaTeX file (size option)
)
\c@part=\count275
\c@section=\count276
\c@subsection=\count277
\c@subsubsection=\count278
\c@paragraph=\count279
\c@subparagraph=\count280
\c@figure=\count281
\c@table=\count282
\abovecaptionskip=\skip49
\belowcaptionskip=\skip50
\bibindent=\dimen148
) (/usr/share/texmf-dist/tex/latex/geometry/geometry.sty
Package: geometry 2020/01/02 v5.9 Page Geometry
 (/usr/share/texmf-dist/tex/latex/graphics/keyval.sty
Package: keyval 2022/05/29 v1.15 key=value parser (DPC)
\KV@toks@=\toks17
) (/usr/share/texmf-dist/tex/generic/iftex/ifvtex.sty
Package: ifvtex 2019/10/25 v1.7 ifvtex legacy package. Use iftex instead.
 (/usr/share/texmf-dist/tex/generic/iftex/iftex.sty
Package: iftex 2024/12/12 v1.0g TeX engine tests
))
\Gm@cnth=\count283
\Gm@cntv=\count284
\c@Gm@tempcnt=\count285
\Gm@bindingoffset=\dimen149
\Gm@wd@mp=\dimen150
\Gm@odd@mp=\dimen151
\Gm@even@mp=\dimen152
\Gm@layoutwidth=\dimen153
\Gm@layoutheight=\dimen154
\Gm@layouthoffset=\dimen155
\Gm@layoutvoffset=\dimen156
\Gm@dimlist=\toks18
) (/usr/share/texmf-dist/tex/latex/base/inputenc.sty
Package: inputenc 2024/02/08 v1.3d Input encoding file
\inpenc@prehook=\toks19
\inpenc@posthook=\toks20
) (/usr/share/texmf-dist/tex/latex/algorithmicx/algpseudocode.sty
Package: algpseudocode 
 (/usr/share/texmf-dist/tex/latex/base/ifthen.sty
Package: ifthen 2024/03/16 v1.1e Standard LaTeX ifthen package (DPC)
) (/usr/share/texmf-dist/tex/latex/algorithmicx/algorithmicx.sty
Package: algorithmicx 2005/04/27 v1.2 Algorithmicx

Document Style algorithmicx 1.2 - a greatly improved `algorithmic' style
\c@ALG@line=\count286
\c@ALG@rem=\count287
\c@ALG@nested=\count288
\ALG@tlm=\skip51
\ALG@thistlm=\skip52
\c@ALG@Lnr=\count289
\c@ALG@blocknr=\count290
\c@ALG@storecount=\count291
\c@ALG@tmpcounter=\count292
\ALG@tmplength=\skip53
)
Document Style - pseudocode environments for use with the `algorithmicx' style
) (/usr/share/texmf-dist/tex/latex/booktabs/booktabs.sty
Package: booktabs 2020/01/12 v1.61803398 Publication quality tables
\heavyrulewidth=\dimen157
\lightrulewidth=\dimen158
\cmidrulewidth=\dimen159
\belowrulesep=\dimen160
\belowbottomsep=\dimen161
\aboverulesep=\dimen162
\abovetopsep=\dimen163
\cmidrulesep=\dimen164
\cmidrulekern=\dimen165
\defaultaddspace=\dimen166
\@cmidla=\count293
\@cmidlb=\count294
\@aboverulesep=\dimen167
\@belowrulesep=\dimen168
\@thisruleclass=\count295
\@lastruleclass=\count296
\@thisrulewidth=\dimen169
) (/usr/share/texmf-dist/tex/latex/microtype/microtype.sty
Package: microtype 2026/03/01 v3.2d Micro-typographical refinements (RS)
 (/usr/share/texmf-dist/tex/latex/etoolbox/etoolbox.sty
Package: etoolbox 2025/10/02 v2.5m e-TeX tools for LaTeX (JAW)
\etb@tempcnta=\count297
)
\MT@toks=\toks21
\MT@tempbox=\box53
\MT@count=\count298
LaTeX Info: Redefining \noprotrusionifhmode on input line 1084.
LaTeX Info: Redefining \leftprotrusion on input line 1085.
\MT@prot@toks=\toks22
LaTeX Info: Redefining \rightprotrusion on input line 1104.
LaTeX Info: Redefining \textls on input line 1449.
\MT@outer@kern=\dimen170
LaTeX Info: Redefining \microtypecontext on input line 2053.
LaTeX Info: Redefining \textmicrotypecontext on input line 2070.
\MT@listname@count=\count299
 (/usr/share/texmf-dist/tex/latex/microtype/microtype-pdftex.def
File: microtype-pdftex.def 2026/03/01 v3.2d Definitions specific to pdftex (RS)
LaTeX Info: Redefining \lsstyle on input line 944.
LaTeX Info: Redefining \lslig on input line 944.
\MT@outer@space=\skip54
)
Package microtype Info: Loading configuration file microtype.cfg.
 (/usr/share/texmf-dist/tex/latex/microtype/microtype.cfg
File: microtype.cfg 2026/03/01 v3.2d microtype main configuration file (RS)
)
LaTeX Info: Redefining \microtypesetup on input line 3065.
) (/usr/share/texmf-dist/tex/latex/algorithm2e/algorithm2e.sty
Package: algorithm2e 2017/07/18 v5.2 algorithms environments
\c@AlgoLine=\count300
\algocf@hangindent=\skip55
 (/usr/share/texmf-dist/tex/latex/ifoddpage/ifoddpage.sty
Package: ifoddpage 2022/10/18 v1.2 Conditionals for odd/even page detection
\c@checkoddpage=\count301
) (/usr/share/texmf-dist/tex/latex/tools/xspace.sty
Package: xspace 2014/10/28 v1.13 Space after command names (DPC,MH)
) (/usr/share/texmf-dist/tex/latex/relsize/relsize.sty
Package: relsize 2013/03/29 ver 4.1
)
\skiptotal=\skip56
\skiplinenumber=\skip57
\skiprule=\skip58
\skiphlne=\skip59
\skiptext=\skip60
\skiplength=\skip61
\algomargin=\skip62
\skipalgocfslide=\skip63
\algowidth=\dimen171
\inoutsize=\dimen172
\inoutindent=\dimen173
\interspacetitleruled=\dimen174
\interspacealgoruled=\dimen175
\interspacetitleboxruled=\dimen176
\algocf@ruledwidth=\skip64
\algocf@inoutbox=\box54
\algocf@inputbox=\box55
\AlCapSkip=\skip65
\AlCapHSkip=\skip66
\algoskipindent=\skip67
\algocf@nlbox=\box56
\algocf@hangingbox=\box57
\algocf@untilbox=\box58
\algocf@skipuntil=\skip68
\algocf@capbox=\box59
\algocf@lcaptionbox=\skip69
\algoheightruledefault=\skip70
\algoheightrule=\skip71
\algotitleheightruledefault=\skip72
\algotitleheightrule=\skip73
\c@algocfline=\count302
\c@algocfproc=\count303
\c@algocf=\count304
\algocf@algoframe=\box60
\algocf@algobox=\box61
) (/usr/share/texmf-dist/tex/latex/amsmath/amsmath.sty
Package: amsmath 2025/07/09 v2.17z AMS math features
\@mathmargin=\skip74

For additional information on amsmath, use the `?' option.
(/usr/share/texmf-dist/tex/latex/amsmath/amstext.sty
Package: amstext 2024/11/17 v2.01 AMS text
 (/usr/share/texmf-dist/tex/latex/amsmath/amsgen.sty
File: amsgen.sty 1999/11/30 v2.0 generic functions
\@emptytoks=\toks23
\ex@=\dimen177
)) (/usr/share/texmf-dist/tex/latex/amsmath/amsbsy.sty
Package: amsbsy 1999/11/29 v1.2d Bold Symbols
\pmbraise@=\dimen178
) (/usr/share/texmf-dist/tex/latex/amsmath/amsopn.sty
Package: amsopn 2022/04/08 v2.04 operator names
)
\inf@bad=\count305
LaTeX Info: Redefining \frac on input line 233.
\uproot@=\count306
\leftroot@=\count307
LaTeX Info: Redefining \overline on input line 398.
LaTeX Info: Redefining \colon on input line 409.
\classnum@=\count308
\DOTSCASE@=\count309
LaTeX Info: Redefining \ldots on input line 495.
LaTeX Info: Redefining \dots on input line 498.
LaTeX Info: Redefining \cdots on input line 619.
\Mathstrutbox@=\box62
\strutbox@=\box63
LaTeX Info: Redefining \big on input line 721.
LaTeX Info: Redefining \Big on input line 722.
LaTeX Info: Redefining \bigg on input line 723.
LaTeX Info: Redefining \Bigg on input line 724.
\big@size=\dimen179
LaTeX Font Info:    Redeclaring font encoding OML on input line 742.
LaTeX Font Info:    Redeclaring font encoding OMS on input line 743.
\macc@depth=\count310
LaTeX Info: Redefining \bmod on input line 904.
LaTeX Info: Redefining \pmod on input line 909.
LaTeX Info: Redefining \smash on input line 939.
LaTeX Info: Redefining \relbar on input line 969.
LaTeX Info: Redefining \Relbar on input line 970.
\c@MaxMatrixCols=\count311
\dotsspace@=\muskip17
\c@parentequation=\count312
\dspbrk@lvl=\count313
\tag@help=\toks24
\row@=\count314
\column@=\count315
\maxfields@=\count316
\andhelp@=\toks25
\eqnshift@=\dimen180
\alignsep@=\dimen181
\tagshift@=\dimen182
\tagwidth@=\dimen183
\totwidth@=\dimen184
\lineht@=\dimen185
\@envbody=\toks26
\multlinegap=\skip75
\multlinetaggap=\skip76
\mathdisplay@stack=\toks27
LaTeX Info: Redefining \[ on input line 2950.
LaTeX Info: Redefining \] on input line 2951.
) (/usr/share/texmf-dist/tex/latex/amscls/amsthm.sty
Package: amsthm 2020/05/29 v2.20.6
\thm@style=\toks28
\thm@bodyfont=\toks29
\thm@headfont=\toks30
\thm@notefont=\toks31
\thm@headpunct=\toks32
\thm@preskip=\skip77
\thm@postskip=\skip78
\thm@headsep=\skip79
\dth@everypar=\toks33
) (/usr/share/texmf-dist/tex/latex/amsfonts/amssymb.sty
Package: amssymb 2013/01/14 v3.01 AMS font symbols
 (/usr/share/texmf-dist/tex/latex/amsfonts/amsfonts.sty
Package: amsfonts 2013/01/14 v3.01 Basic AMSFonts support
\symAMSa=\mathgroup4
\symAMSb=\mathgroup5
LaTeX Font Info:    Redeclaring math symbol \hbar on input line 98.
LaTeX Font Info:    Overwriting math alphabet `\mathfrak' in version `bold'
(Font)                  U/euf/m/n --> U/euf/b/n on input line 106.
)) (/usr/share/texmf-dist/tex/latex/float/float.sty
Package: float 2001/11/08 v1.3d Float enhancements (AL)
\c@float@type=\count317
\float@exts=\toks34
\float@box=\box64
\@float@everytoks=\toks35
\@floatcapt=\box65
) (/usr/share/texmf-dist/tex/latex/mathtools/mathtools.sty
Package: mathtools 2024/10/04 v1.31 mathematical typesetting tools
 (/usr/share/texmf-dist/tex/latex/tools/calc.sty
Package: calc 2025/03/01 v4.3b Infix arithmetic (KKT,FJ)
\calc@Acount=\count318
\calc@Bcount=\count319
\calc@Adimen=\dimen186
\calc@Bdimen=\dimen187
\calc@Askip=\skip80
\calc@Bskip=\skip81
LaTeX Info: Redefining \setlength on input line 86.
LaTeX Info: Redefining \addtolength on input line 87.
\calc@Ccount=\count320
\calc@Cskip=\skip82
) (/usr/share/texmf-dist/tex/latex/mathtools/mhsetup.sty
Package: mhsetup 2021/03/18 v1.4 programming setup (MH)
)
\g_MT_multlinerow_int=\count321
\l_MT_multwidth_dim=\dimen188
\origjot=\skip83
\l_MT_shortvdotswithinadjustabove_dim=\dimen189
\l_MT_shortvdotswithinadjustbelow_dim=\dimen190
\l_MT_above_intertext_sep=\dimen191
\l_MT_below_intertext_sep=\dimen192
\l_MT_above_shortintertext_sep=\dimen193
\l_MT_below_shortintertext_sep=\dimen194
\xmathstrut@box=\box66
\xmathstrut@dim=\dimen195
) (/usr/share/texmf-dist/tex/latex/jknapltx/mathrsfs.sty
Package: mathrsfs 1996/01/01 Math RSFS package v1.0 (jk)
\symrsfs=\mathgroup6
) (/usr/share/texmf-dist/tex/latex/graphics/rotating.sty
Package: rotating 2025/01/14 v2.16e rotated objects in LaTeX
 (/usr/share/texmf-dist/tex/latex/graphics/graphicx.sty
Package: graphicx 2024/12/31 v1.2e Enhanced LaTeX Graphics (DPC,SPQR)
 (/usr/share/texmf-dist/tex/latex/graphics/graphics.sty
Package: graphics 2024/08/06 v1.4g Standard LaTeX Graphics (DPC,SPQR)
 (/usr/share/texmf-dist/tex/latex/graphics/trig.sty
Package: trig 2023/12/02 v1.11 sin cos tan (DPC)
) (/usr/share/texmf-dist/tex/latex/graphics-cfg/graphics.cfg
File: graphics.cfg 2016/06/04 v1.11 sample graphics configuration
)
Package graphics Info: Driver file: pdftex.def on input line 106.
 (/usr/share/texmf-dist/tex/latex/graphics-def/pdftex.def
File: pdftex.def 2025/09/29 v1.2d Graphics/color driver for pdftex
))
\Gin@req@height=\dimen196
\Gin@req@width=\dimen197
)
\c@r@tfl@t=\count322
\rotFPtop=\skip84
\rotFPbot=\skip85
\rot@float@box=\box67
\rot@mess@toks=\toks36
) (/usr/share/texmf-dist/tex/latex/tools/tabularx.sty
Package: tabularx 2023/12/11 v2.12a `tabularx' package (DPC)
 (/usr/share/texmf-dist/tex/latex/tools/array.sty
Package: array 2025/09/25 v2.6n Tabular extension package (FMi)
\col@sep=\dimen198
\ar@mcellbox=\box68
\extrarowheight=\dimen199
\NC@list=\toks37
\extratabsurround=\skip86
\backup@length=\skip87
\ar@cellbox=\box69
)
\TX@col@width=\dimen256
\TX@old@table=\dimen257
\TX@old@col=\dimen258
\TX@target=\dimen259
\TX@delta=\dimen260
\TX@cols=\count323
\TX@ftn=\toks38
) (/usr/share/texmf-dist/tex/generic/soul/soul.sty
Package: soul 2023-06-14 v3.1 Permit use of UTF-8 characters in soul (HO)
 (/usr/share/texmf-dist/tex/generic/soul/soul-ori.sty
Package: soul-ori 2023-06-14 v3.1 letterspacing/underlining (mf)
\SOUL@word=\toks39
\SOUL@lasttoken=\toks40
\SOUL@syllable=\toks41
\SOUL@cmds=\toks42
\SOUL@buffer=\toks43
\SOUL@token=\toks44
\SOUL@syllgoal=\dimen261
\SOUL@syllwidth=\dimen262
\SOUL@charkern=\dimen263
\SOUL@hyphkern=\dimen264
\SOUL@dimen=\dimen265
\SOUL@dimeni=\dimen266
\SOUL@minus=\count324
\SOUL@comma=\count325
\SOUL@apo=\count326
\SOUL@grave=\count327
\SOUL@spaceskip=\skip88
\SOUL@ttwidth=\dimen267
\SOUL@uldp=\dimen268
\SOUL@ulht=\dimen269
) (/usr/share/texmf-dist/tex/generic/infwarerr/infwarerr.sty
Package: infwarerr 2019/12/03 v1.5 Providing info/warning/error messages (HO)
) (/usr/share/texmf-dist/tex/generic/etexcmds/etexcmds.sty
Package: etexcmds 2019/12/15 v1.7 Avoid name clashes with e-TeX commands (HO)
)) (/usr/share/texmf-dist/tex/latex/changepage/changepage.sty
Package: changepage 2009/10/20 v1.0c check page and change page layout
\c@cp@cntr=\count328
\cp@tempcnt=\count329
LaTeX Info: Redefining \checkoddpage on input line 59.
) (/usr/share/texmf-dist/tex/latex/gensymb/gensymb.sty
Package: gensymb 2022/10/17 v1.0.2 (KJH)
) (/usr/share/texmf-dist/tex/latex/graphics/lscape.sty
Package: lscape 2020/05/28 v3.02 Landscape Pages (DPC)
) (/usr/share/texmf-dist/tex/latex/makecell/makecell.sty
Package: makecell 2009/08/03 V0.1e Managing of Tab Column Heads and Cells
\rotheadsize=\dimen270
\c@nlinenum=\count330
\TeXr@lab=\toks45
) (/usr/share/texmf-dist/tex/latex/psnfss/courier.sty
Package: courier 2020/03/25 PSNFSS-v9.3 (WaS) 
) (/usr/share/texmf-dist/tex/latex/lipsum/lipsum.sty (/usr/share/texmf-dist/tex/latex/l3packages/l3keys2e/l3keys2e.sty (/usr/share/texmf-dist/tex/latex/l3kernel/expl3.sty
Package: expl3 2026-01-19 L3 programming layer (loader) 
 (/usr/share/texmf-dist/tex/latex/l3backend/l3backend-pdftex.def
File: l3backend-pdftex.def 2025-10-09 L3 backend support: PDF output (pdfTeX)
\l__color_backend_stack_int=\count331
))
Package: l3keys2e 2025-10-09 LaTeX2e option processing using LaTeX3 keys
)
Package: lipsum 2021-09-20 v2.7 150 paragraphs of Lorem Ipsum dummy text
\g__lipsum_par_int=\count332
\l__lipsum_a_int=\count333
\l__lipsum_b_int=\count334
 (/usr/share/texmf-dist/tex/latex/lipsum/lipsum.ltd.tex)) (/usr/share/texmf-dist/tex/latex/caption/subcaption.sty
Package: subcaption 2023/07/28 v1.6b Sub-captions (AR)
 (/usr/share/texmf-dist/tex/latex/caption/caption.sty
Package: caption 2023/08/05 v3.6o Customizing captions (AR)

(/usr/share/texmf-dist/tex/latex/caption/caption3.sty
Package: caption3 2023/07/31 v2.4d caption3 kernel (AR)
\caption@tempdima=\dimen271
\captionmargin=\dimen272
\caption@leftmargin=\dimen273
\caption@rightmargin=\dimen274
\caption@width=\dimen275
\caption@indent=\dimen276
\caption@parindent=\dimen277
\caption@hangindent=\dimen278
Package caption Info: Standard document class detected.
)
\c@caption@flags=\count335
\c@continuedfloat=\count336
Package caption Info: changepage package is loaded.
\caption@adjustwidth@hsize=\dimen279
\caption@adjustwidth@linewidth=\dimen280
Package caption Info: float package is loaded.
Package caption Info: rotating package is loaded.
)
Package caption Info: New subtype `subfigure' on input line 238.
\c@subfigure=\count337
Package caption Info: New subtype `subtable' on input line 238.
\c@subtable=\count338
) (/usr/share/texmf-dist/tex/latex/grffile/grffile.sty
Package: grffile 2019/11/11 v2.1 Extended file name support for graphics (legacy)
Package grffile Info: This package is an empty stub for compatibility on input line 40.
) (/usr/share/texmf-dist/tex/latex/natbib/natbib.sty
Package: natbib 2010/09/13 8.31b (PWD, AO)
\bibhang=\skip89
\bibsep=\skip90
LaTeX Info: Redefining \cite on input line 694.
\c@NAT@ctr=\count339
) (/usr/share/texmf-dist/tex/latex/xcolor/xcolor.sty
Package: xcolor 2024/09/29 v3.02 LaTeX color extensions (UK)
 (/usr/share/texmf-dist/tex/latex/graphics-cfg/color.cfg
File: color.cfg 2016/01/02 v1.6 sample color configuration
)
Package xcolor Info: Driver file: pdftex.def on input line 274.
 (/usr/share/texmf-dist/tex/latex/graphics/mathcolor.ltx)
Package xcolor Info: Model `cmy' substituted by `cmy0' on input line 1349.
Package xcolor Info: Model `hsb' substituted by `rgb' on input line 1353.
Package xcolor Info: Model `RGB' extended on input line 1365.
Package xcolor Info: Model `HTML' substituted by `rgb' on input line 1367.
Package xcolor Info: Model `Hsb' substituted by `hsb' on input line 1368.
Package xcolor Info: Model `tHsb' substituted by `hsb' on input line 1369.
Package xcolor Info: Model `HSB' substituted by `hsb' on input line 1370.
Package xcolor Info: Model `Gray' substituted by `gray' on input line 1371.
Package xcolor Info: Model `wave' substituted by `hsb' on input line 1372.
) (/usr/share/texmf-dist/tex/latex/environ/environ.sty
Package: environ 2014/05/04 v0.3 A new way to define environments
 (/usr/share/texmf-dist/tex/latex/trimspaces/trimspaces.sty
Package: trimspaces 2009/09/17 v1.1 Trim spaces around a token list
)) (/usr/share/texmf-dist/tex/latex/hyperref/hyperref.sty
Package: hyperref 2026-01-29 v7.01p Hypertext links for LaTeX
 (/usr/share/texmf-dist/tex/latex/kvsetkeys/kvsetkeys.sty
Package: kvsetkeys 2022-10-05 v1.19 Key value parser (HO)
) (/usr/share/texmf-dist/tex/generic/kvdefinekeys/kvdefinekeys.sty
Package: kvdefinekeys 2019-12-19 v1.6 Define keys (HO)
) (/usr/share/texmf-dist/tex/generic/pdfescape/pdfescape.sty
Package: pdfescape 2019/12/09 v1.15 Implements pdfTeX's escape features (HO)
 (/usr/share/texmf-dist/tex/generic/ltxcmds/ltxcmds.sty
Package: ltxcmds 2023-12-04 v1.26 LaTeX kernel commands for general use (HO)
) (/usr/share/texmf-dist/tex/generic/pdftexcmds/pdftexcmds.sty
Package: pdftexcmds 2020-06-27 v0.33 Utility functions of pdfTeX for LuaTeX (HO)
Package pdftexcmds Info: \pdf@primitive is available.
Package pdftexcmds Info: \pdf@ifprimitive is available.
Package pdftexcmds Info: \pdfdraftmode found.
)) (/usr/share/texmf-dist/tex/latex/hycolor/hycolor.sty
Package: hycolor 2020-01-27 v1.10 Color options for hyperref/bookmark (HO)
) (/usr/share/texmf-dist/tex/latex/hyperref/nameref.sty
Package: nameref 2026-01-29 v2.58 Cross-referencing by name of section
 (/usr/share/texmf-dist/tex/latex/refcount/refcount.sty
Package: refcount 2019/12/15 v3.6 Data extraction from label references (HO)
) (/usr/share/texmf-dist/tex/generic/gettitlestring/gettitlestring.sty
Package: gettitlestring 2019/12/15 v1.6 Cleanup title references (HO)
 (/usr/share/texmf-dist/tex/latex/kvoptions/kvoptions.sty
Package: kvoptions 2022-06-15 v3.15 Key value format for package options (HO)
))
\c@section@level=\count340
) (/usr/share/texmf-dist/tex/generic/stringenc/stringenc.sty
Package: stringenc 2019/11/29 v1.12 Convert strings between diff. encodings (HO)
)
\@linkdim=\dimen281
\Hy@linkcounter=\count341
\Hy@pagecounter=\count342
 (/usr/share/texmf-dist/tex/latex/hyperref/pd1enc.def
File: pd1enc.def 2026-01-29 v7.01p Hyperref: PDFDocEncoding definition (HO)
Now handling font encoding PD1 ...
... no UTF-8 mapping file for font encoding PD1
) (/usr/share/texmf-dist/tex/generic/intcalc/intcalc.sty
Package: intcalc 2019/12/15 v1.3 Expandable calculations with integers (HO)
)
\Hy@SavedSpaceFactor=\count343
 (/usr/share/texmf-dist/tex/latex/hyperref/puenc.def
File: puenc.def 2026-01-29 v7.01p Hyperref: PDF Unicode definition (HO)
Now handling font encoding PU ...
... no UTF-8 mapping file for font encoding PU
)
Package hyperref Info: Hyper figures OFF on input line 4201.
Package hyperref Info: Link nesting OFF on input line 4206.
Package hyperref Info: Hyper index ON on input line 4209.
Package hyperref Info: Plain pages OFF on input line 4216.
Package hyperref Info: Backreferencing OFF on input line 4221.
Package hyperref Info: Implicit mode ON; LaTeX internals redefined.
Package hyperref Info: Bookmarks ON on input line 4468.
\c@Hy@tempcnt=\count344
 (/usr/share/texmf-dist/tex/latex/url/url.sty
\Urlmuskip=\muskip18
Package: url 2013/09/16  ver 3.4  Verb mode for urls, etc.
)
LaTeX Info: Redefining \url on input line 4807.
\XeTeXLinkMargin=\dimen282
 (/usr/share/texmf-dist/tex/generic/bitset/bitset.sty
Package: bitset 2019/12/09 v1.3 Handle bit-vector datatype (HO)
 (/usr/share/texmf-dist/tex/generic/bigintcalc/bigintcalc.sty
Package: bigintcalc 2019/12/15 v1.5 Expandable calculations on big integers (HO)
))
\Fld@menulength=\count345
\Field@Width=\dimen283
\Fld@charsize=\dimen284
Package hyperref Info: Hyper figures OFF on input line 6084.
Package hyperref Info: Link nesting OFF on input line 6089.
Package hyperref Info: Hyper index ON on input line 6092.
Package hyperref Info: backreferencing OFF on input line 6099.
Package hyperref Info: Link coloring OFF on input line 6104.
Package hyperref Info: Link coloring with OCG OFF on input line 6109.
Package hyperref Info: PDF/A mode OFF on input line 6114.
\Hy@abspage=\count346
\c@Item=\count347
\c@Hfootnote=\count348
)
Package hyperref Info: Driver (autodetected): hpdftex.
 (/usr/share/texmf-dist/tex/latex/hyperref/hpdftex.def
File: hpdftex.def 2026-01-29 v7.01p Hyperref driver for pdfTeX
\Fld@listcount=\count349
\c@bookmark@seq@number=\count350
 (/usr/share/texmf-dist/tex/latex/rerunfilecheck/rerunfilecheck.sty
Package: rerunfilecheck 2025-06-21 v1.11 Rerun checks for auxiliary files (HO)
 (/usr/share/texmf-dist/tex/generic/uniquecounter/uniquecounter.sty
Package: uniquecounter 2019/12/15 v1.4 Provide unlimited unique counter (HO)
)
Package uniquecounter Info: New unique counter `rerunfilecheck' on input line 284.
)
\Hy@SectionHShift=\skip91
)
Package hyperref Info: Option `colorlinks' set `true' on input line 62.
 (/usr/share/texmf-dist/tex/latex/tcolorbox/tcolorbox.sty
Package: tcolorbox 2025/11/28 version 6.9.0 text color boxes
 (/usr/share/texmf-dist/tex/latex/pgf/frontendlayer/tikz.sty (/usr/share/texmf-dist/tex/latex/pgf/basiclayer/pgf.sty (/usr/share/texmf-dist/tex/latex/pgf/utilities/pgfrcs.sty (/usr/share/texmf-dist/tex/generic/pgf/utilities/pgfutil-common.tex
\pgfutil@everybye=\toks46
\pgfutil@tempdima=\dimen285
\pgfutil@tempdimb=\dimen286
)
(/usr/share/texmf-dist/tex/generic/pgf/utilities/pgfutil-latex.def
\pgfutil@abb=\box70
) (/usr/share/texmf-dist/tex/generic/pgf/utilities/pgfrcs.code.tex (/usr/share/texmf-dist/tex/generic/pgf/pgf.revision.tex)
Package: pgfrcs 2025-08-29 v3.1.11a (3.1.11a)
))
Package: pgf 2025-08-29 v3.1.11a (3.1.11a)
 (/usr/share/texmf-dist/tex/latex/pgf/basiclayer/pgfcore.sty (/usr/share/texmf-dist/tex/latex/pgf/systemlayer/pgfsys.sty (/usr/share/texmf-dist/tex/generic/pgf/systemlayer/pgfsys.code.tex
Package: pgfsys 2025-08-29 v3.1.11a (3.1.11a)
 (/usr/share/texmf-dist/tex/generic/pgf/utilities/pgfkeys.code.tex
\pgfkeys@pathtoks=\toks47
\pgfkeys@temptoks=\toks48
 (/usr/share/texmf-dist/tex/generic/pgf/utilities/pgfkeyslibraryfiltered.code.tex
\pgfkeys@tmptoks=\toks49
))
\pgf@x=\dimen287
\pgf@y=\dimen288
\pgf@xa=\dimen289
\pgf@ya=\dimen290
\pgf@xb=\dimen291
\pgf@yb=\dimen292
\pgf@xc=\dimen293
\pgf@yc=\dimen294
\pgf@xd=\dimen295
\pgf@yd=\dimen296
\w@pgf@writea=\write3
\r@pgf@reada=\read2
\c@pgf@counta=\count351
\c@pgf@countb=\count352
\c@pgf@countc=\count353
\c@pgf@countd=\count354
\t@pgf@toka=\toks50
\t@pgf@tokb=\toks51
\t@pgf@tokc=\toks52
\pgf@sys@id@count=\count355
 (/usr/share/texmf-dist/tex/generic/pgf/systemlayer/pgf.cfg
File: pgf.cfg 2025-08-29 v3.1.11a (3.1.11a)
)
Driver file for pgf: pgfsys-pdftex.def
 (/usr/share/texmf-dist/tex/generic/pgf/systemlayer/pgfsys-pdftex.def
File: pgfsys-pdftex.def 2025-08-29 v3.1.11a (3.1.11a)
 (/usr/share/texmf-dist/tex/generic/pgf/systemlayer/pgfsys-common-pdf.def
File: pgfsys-common-pdf.def 2025-08-29 v3.1.11a (3.1.11a)
))) (/usr/share/texmf-dist/tex/generic/pgf/systemlayer/pgfsyssoftpath.code.tex
File: pgfsyssoftpath.code.tex 2025-08-29 v3.1.11a (3.1.11a)
\pgfsyssoftpath@smallbuffer@items=\count356
\pgfsyssoftpath@bigbuffer@items=\count357
) (/usr/share/texmf-dist/tex/generic/pgf/systemlayer/pgfsysprotocol.code.tex
File: pgfsysprotocol.code.tex 2025-08-29 v3.1.11a (3.1.11a)
)) (/usr/share/texmf-dist/tex/generic/pgf/basiclayer/pgfcore.code.tex
Package: pgfcore 2025-08-29 v3.1.11a (3.1.11a)
 (/usr/share/texmf-dist/tex/generic/pgf/math/pgfmath.code.tex (/usr/share/texmf-dist/tex/generic/pgf/math/pgfmathutil.code.tex) (/usr/share/texmf-dist/tex/generic/pgf/math/pgfmathparser.code.tex
\pgfmath@dimen=\dimen297
\pgfmath@count=\count358
\pgfmath@box=\box71
\pgfmath@toks=\toks53
\pgfmath@stack@operand=\toks54
\pgfmath@stack@operation=\toks55
) (/usr/share/texmf-dist/tex/generic/pgf/math/pgfmathfunctions.code.tex) (/usr/share/texmf-dist/tex/generic/pgf/math/pgfmathfunctions.basic.code.tex) (/usr/share/texmf-dist/tex/generic/pgf/math/pgfmathfunctions.trigonometric.code.tex) (/usr/share/texmf-dist/tex/generic/pgf/math/pgfmathfunctions.random.code.tex) (/usr/share/texmf-dist/tex/generic/pgf/math/pgfmathfunctions.comparison.code.tex) (/usr/share/texmf-dist/tex/generic/pgf/math/pgfmathfunctions.base.code.tex) (/usr/share/texmf-dist/tex/generic/pgf/math/pgfmathfunctions.round.code.tex) (/usr/share/texmf-dist/tex/generic/pgf/math/pgfmathfunctions.misc.code.tex) (/usr/share/texmf-dist/tex/generic/pgf/math/pgfmathfunctions.integerarithmetics.code.tex) (/usr/share/texmf-dist/tex/generic/pgf/math/pgfmathcalc.code.tex) (/usr/share/texmf-dist/tex/generic/pgf/math/pgfmathfloat.code.tex
\c@pgfmathroundto@lastzeros=\count359
))
(/usr/share/texmf-dist/tex/generic/pgf/math/pgfint.code.tex) (/usr/share/texmf-dist/tex/generic/pgf/basiclayer/pgfcorepoints.code.tex
File: pgfcorepoints.code.tex 2025-08-29 v3.1.11a (3.1.11a)
\pgf@picminx=\dimen298
\pgf@picmaxx=\dimen299
\pgf@picminy=\dimen300
\pgf@picmaxy=\dimen301
\pgf@pathminx=\dimen302
\pgf@pathmaxx=\dimen303
\pgf@pathminy=\dimen304
\pgf@pathmaxy=\dimen305
\pgf@xx=\dimen306
\pgf@xy=\dimen307
\pgf@yx=\dimen308
\pgf@yy=\dimen309
\pgf@zx=\dimen310
\pgf@zy=\dimen311
) (/usr/share/texmf-dist/tex/generic/pgf/basiclayer/pgfcorepathconstruct.code.tex
File: pgfcorepathconstruct.code.tex 2025-08-29 v3.1.11a (3.1.11a)
\pgf@path@lastx=\dimen312
\pgf@path@lasty=\dimen313
) (/usr/share/texmf-dist/tex/generic/pgf/basiclayer/pgfcorepathusage.code.tex
File: pgfcorepathusage.code.tex 2025-08-29 v3.1.11a (3.1.11a)
\pgf@shorten@end@additional=\dimen314
\pgf@shorten@start@additional=\dimen315
) (/usr/share/texmf-dist/tex/generic/pgf/basiclayer/pgfcorescopes.code.tex
File: pgfcorescopes.code.tex 2025-08-29 v3.1.11a (3.1.11a)
\pgfpic=\box72
\pgf@hbox=\box73
\pgf@layerbox@main=\box74
\pgf@picture@serial@count=\count360
) (/usr/share/texmf-dist/tex/generic/pgf/basiclayer/pgfcoregraphicstate.code.tex
File: pgfcoregraphicstate.code.tex 2025-08-29 v3.1.11a (3.1.11a)
\pgflinewidth=\dimen316
) (/usr/share/texmf-dist/tex/generic/pgf/basiclayer/pgfcoretransformations.code.tex
File: pgfcoretransformations.code.tex 2025-08-29 v3.1.11a (3.1.11a)
\pgf@pt@x=\dimen317
\pgf@pt@y=\dimen318
\pgf@pt@temp=\dimen319
) (/usr/share/texmf-dist/tex/generic/pgf/basiclayer/pgfcorequick.code.tex
File: pgfcorequick.code.tex 2025-08-29 v3.1.11a (3.1.11a)
) (/usr/share/texmf-dist/tex/generic/pgf/basiclayer/pgfcoreobjects.code.tex
File: pgfcoreobjects.code.tex 2025-08-29 v3.1.11a (3.1.11a)
) (/usr/share/texmf-dist/tex/generic/pgf/basiclayer/pgfcorepathprocessing.code.tex
File: pgfcorepathprocessing.code.tex 2025-08-29 v3.1.11a (3.1.11a)
) (/usr/share/texmf-dist/tex/generic/pgf/basiclayer/pgfcorearrows.code.tex
File: pgfcorearrows.code.tex 2025-08-29 v3.1.11a (3.1.11a)
\pgfarrowsep=\dimen320
) (/usr/share/texmf-dist/tex/generic/pgf/basiclayer/pgfcoreshade.code.tex
File: pgfcoreshade.code.tex 2025-08-29 v3.1.11a (3.1.11a)
\pgf@max=\dimen321
\pgf@sys@shading@range@num=\count361
\pgf@shadingcount=\count362
) (/usr/share/texmf-dist/tex/generic/pgf/basiclayer/pgfcoreimage.code.tex
File: pgfcoreimage.code.tex 2025-08-29 v3.1.11a (3.1.11a)
) (/usr/share/texmf-dist/tex/generic/pgf/basiclayer/pgfcoreexternal.code.tex
File: pgfcoreexternal.code.tex 2025-08-29 v3.1.11a (3.1.11a)
\pgfexternal@startupbox=\box75
) (/usr/share/texmf-dist/tex/generic/pgf/basiclayer/pgfcorelayers.code.tex
File: pgfcorelayers.code.tex 2025-08-29 v3.1.11a (3.1.11a)
) (/usr/share/texmf-dist/tex/generic/pgf/basiclayer/pgfcoretransparency.code.tex
File: pgfcoretransparency.code.tex 2025-08-29 v3.1.11a (3.1.11a)
) (/usr/share/texmf-dist/tex/generic/pgf/basiclayer/pgfcorepatterns.code.tex
File: pgfcorepatterns.code.tex 2025-08-29 v3.1.11a (3.1.11a)
) (/usr/share/texmf-dist/tex/generic/pgf/basiclayer/pgfcorerdf.code.tex
File: pgfcorerdf.code.tex 2025-08-29 v3.1.11a (3.1.11a)
))) (/usr/share/texmf-dist/tex/generic/pgf/modules/pgfmoduleshapes.code.tex
File: pgfmoduleshapes.code.tex 2025-08-29 v3.1.11a (3.1.11a)
\pgfnodeparttextbox=\box76
) (/usr/share/texmf-dist/tex/generic/pgf/modules/pgfmoduleplot.code.tex
File: pgfmoduleplot.code.tex 2025-08-29 v3.1.11a (3.1.11a)
) (/usr/share/texmf-dist/tex/latex/pgf/compatibility/pgfcomp-version-0-65.sty
Package: pgfcomp-version-0-65 2025-08-29 v3.1.11a (3.1.11a)
\pgf@nodesepstart=\dimen322
\pgf@nodesepend=\dimen323
) (/usr/share/texmf-dist/tex/latex/pgf/compatibility/pgfcomp-version-1-18.sty
Package: pgfcomp-version-1-18 2025-08-29 v3.1.11a (3.1.11a)
)) (/usr/share/texmf-dist/tex/latex/pgf/utilities/pgffor.sty (/usr/share/texmf-dist/tex/latex/pgf/utilities/pgfkeys.sty (/usr/share/texmf-dist/tex/generic/pgf/utilities/pgfkeys.code.tex)) (/usr/share/texmf-dist/tex/latex/pgf/math/pgfmath.sty (/usr/share/texmf-dist/tex/generic/pgf/math/pgfmath.code.tex))
(/usr/share/texmf-dist/tex/generic/pgf/utilities/pgffor.code.tex
Package: pgffor 2025-08-29 v3.1.11a (3.1.11a)
\pgffor@iter=\dimen324
\pgffor@skip=\dimen325
\pgffor@stack=\toks56
\pgffor@toks=\toks57
)) (/usr/share/texmf-dist/tex/generic/pgf/frontendlayer/tikz/tikz.code.tex
Package: tikz 2025-08-29 v3.1.11a (3.1.11a)
 (/usr/share/texmf-dist/tex/generic/pgf/libraries/pgflibraryplothandlers.code.tex
File: pgflibraryplothandlers.code.tex 2025-08-29 v3.1.11a (3.1.11a)
\pgf@plot@mark@count=\count363
\pgfplotmarksize=\dimen326
)
\tikz@lastx=\dimen327
\tikz@lasty=\dimen328
\tikz@lastxsaved=\dimen329
\tikz@lastysaved=\dimen330
\tikz@lastmovetox=\dimen331
\tikz@lastmovetoy=\dimen332
\tikzleveldistance=\dimen333
\tikzsiblingdistance=\dimen334
\tikz@figbox=\box77
\tikz@figbox@bg=\box78
\tikz@tempbox=\box79
\tikz@tempbox@bg=\box80
\tikztreelevel=\count364
\tikznumberofchildren=\count365
\tikznumberofcurrentchild=\count366
\tikz@fig@count=\count367
 (/usr/share/texmf-dist/tex/generic/pgf/modules/pgfmodulematrix.code.tex
File: pgfmodulematrix.code.tex 2025-08-29 v3.1.11a (3.1.11a)
\pgfmatrixcurrentrow=\count368
\pgfmatrixcurrentcolumn=\count369
\pgf@matrix@numberofcolumns=\count370
)
\tikz@expandcount=\count371
 (/usr/share/texmf-dist/tex/generic/pgf/frontendlayer/tikz/libraries/tikzlibrarytopaths.code.tex
File: tikzlibrarytopaths.code.tex 2025-08-29 v3.1.11a (3.1.11a)
))) (/usr/share/texmf-dist/tex/latex/tools/verbatim.sty
Package: verbatim 2024-01-22 v1.5x LaTeX2e package for verbatim enhancements
\every@verbatim=\toks58
\verbatim@line=\toks59
\verbatim@in@stream=\read3
)
\tcb@titlebox=\box81
\tcb@upperbox=\box82
\tcb@lowerbox=\box83
\tcb@phantombox=\box84
\c@tcbbreakpart=\count372
\c@tcblayer=\count373
\c@tcolorbox@number=\count374
\l__tcobox_tmpa_box=\box85
\l__tcobox_tmpa_dim=\dimen335
\tcb@temp=\box86
\tcb@temp=\box87
\tcb@temp=\box88
\tcb@temp=\box89
 (/usr/share/texmf-dist/tex/latex/tcolorbox/tcbraster.code.tex
Library (tcolorbox): 'tcbraster.code.tex' version '6.9.0'
\c@tcbrastercolumn=\count375
\c@tcbrasterrow=\count376
\c@tcbrasternum=\count377
\c@tcbraster=\count378
) (/usr/share/texmf-dist/tex/latex/tcolorbox/tcbskins.code.tex
Library (tcolorbox): 'tcbskins.code.tex' version '6.9.0'
(/usr/share/texmf-dist/tex/latex/tikzfill/tikzfill.image.sty
Package: tikzfill.image 2023/08/08 v1.0.1 Image filling library for TikZ
 (/usr/share/texmf-dist/tex/latex/tikzfill/tikzfill-common.sty
Package: tikzfill-common 2023/08/08 v1.0.1 Auxiliary code for tikzfill
) (/usr/share/texmf-dist/tex/latex/tikzfill/tikzlibraryfill.image.code.tex
File: tikzlibraryfill.image.code.tex 2023/08/08 v1.0.1 Image filling library
\l__tikzfill_img_box=\box90
)) (/usr/share/texmf-dist/tex/latex/tcolorbox/tcbskinsjigsaw.code.tex
Library (tcolorbox): 'tcbskinsjigsaw.code.tex' version '6.9.0'
)) (/usr/share/texmf-dist/tex/latex/tcolorbox/tcbbreakable.code.tex
Library (tcolorbox): 'tcbbreakable.code.tex' version '6.9.0'
(/usr/share/texmf-dist/tex/latex/pdfcol/pdfcol.sty
Package: pdfcol 2022-09-21 v1.7 Handle new color stacks for pdfTeX (HO)
)
Package pdfcol Info: New color stack `tcb@breakable' = 1 on input line 23.
\tcb@testbox=\box91
\tcb@totalupperbox=\box92
\tcb@totallowerbox=\box93
) (/usr/share/texmf-dist/tex/latex/tcolorbox/tcbhooks.code.tex
Library (tcolorbox): 'tcbhooks.code.tex' version '6.9.0'
) (/usr/share/texmf-dist/tex/latex/tcolorbox/tcbtheorems.code.tex
Library (tcolorbox): 'tcbtheorems.code.tex' version '6.9.0'
) (/usr/share/texmf-dist/tex/latex/tcolorbox/tcbfitting.code.tex
Library (tcolorbox): 'tcbfitting.code.tex' version '6.9.0'
\tcbfitdim=\dimen336
\tcb@lowerfitdim=\dimen337
\tcb@upperfitdim=\dimen338
\tcb@cur@hbadness=\count379
) (/usr/share/texmf-dist/tex/latex/tcolorbox/tcblistingsutf8.code.tex
Library (tcolorbox): 'tcblistingsutf8.code.tex' version '6.9.0'
(/usr/share/texmf-dist/tex/latex/tcolorbox/tcblistings.code.tex
Library (tcolorbox): 'tcblistings.code.tex' version '6.9.0'
(/usr/share/texmf-dist/tex/latex/listings/listings.sty
\lst@mode=\count380
\lst@gtempboxa=\box94
\lst@token=\toks60
\lst@length=\count381
\lst@currlwidth=\dimen339
\lst@column=\count382
\lst@pos=\count383
\lst@lostspace=\dimen340
\lst@width=\dimen341
\lst@newlines=\count384
\lst@lineno=\count385
\lst@maxwidth=\dimen342
 (/usr/share/texmf-dist/tex/latex/listings/lstpatch.sty
File: lstpatch.sty 2025/11/14 1.11b (Carsten Heinz)
) (/usr/share/texmf-dist/tex/latex/listings/lstmisc.sty
File: lstmisc.sty 2025/11/14 1.11b (Carsten Heinz)
\c@lstnumber=\count386
\lst@skipnumbers=\count387
\lst@framebox=\box95
) (/usr/share/texmf-dist/tex/latex/listings/listings.cfg
File: listings.cfg 2025/11/14 1.11b listings configuration
))
Package: listings 2025/11/14 1.11b (Carsten Heinz)

==> First Aid for listings.sty no longer applied!
    Expected:
        2024/09/23 1.10c (Carsten Heinz)
    but found:
        2025/11/14 1.11b (Carsten Heinz)
    so I'm assuming it got fixed.
(/usr/share/texmf-dist/tex/latex/tcolorbox/tcblistingscore.code.tex
Library (tcolorbox): 'tcblistingscore.code.tex' version '6.9.0'
(/usr/share/texmf-dist/tex/latex/tcolorbox/tcbprocessing.code.tex
Library (tcolorbox): 'tcbprocessing.code.tex' version '6.9.0'
)
\c@tcblisting=\count388
)) (/usr/share/texmf-dist/tex/latex/listingsutf8/listingsutf8.sty
Package: listingsutf8 2019-12-10 v1.5 Allow UTF-8 in listings input (HO)
)) (/usr/share/texmf-dist/tex/latex/tcolorbox/tcbexternal.code.tex
Library (tcolorbox): 'tcbexternal.code.tex' version '6.9.0'
) (/usr/share/texmf-dist/tex/latex/tcolorbox/tcbmagazine.code.tex
Library (tcolorbox): 'tcbmagazine.code.tex' version '6.9.0'
) (/usr/share/texmf-dist/tex/latex/tcolorbox/tcbvignette.code.tex
Library (tcolorbox): 'tcbvignette.code.tex' version '6.9.0'
(/usr/share/texmf-dist/tex/generic/pgf/frontendlayer/tikz/libraries/tikzlibraryfadings.code.tex
File: tikzlibraryfadings.code.tex 2025-08-29 v3.1.11a (3.1.11a)
 (/usr/share/texmf-dist/tex/generic/pgf/libraries/pgflibraryfadings.code.tex
File: pgflibraryfadings.code.tex 2025-08-29 v3.1.11a (3.1.11a)
))) (/usr/share/texmf-dist/tex/latex/tcolorbox/tcbposter.code.tex
Library (tcolorbox): 'tcbposter.code.tex' version '6.9.0'
)) (./HW3.aux

LaTeX Warning: Label `fig:wdbc-acc' multiply defined.


LaTeX Warning: Label `fig:wdbc-recall' multiply defined.


LaTeX Warning: Label `fig:wdbc-acc' multiply defined.


LaTeX Warning: Label `fig:wdbc-recall' multiply defined.


LaTeX Warning: Label `fig:wdbc-acc' multiply defined.


LaTeX Warning: Label `fig:wdbc-recall' multiply defined.


LaTeX Warning: Label `fig:raisin-acc' multiply defined.


LaTeX Warning: Label `fig:raisin-recall' multiply defined.


LaTeX Warning: Label `fig:titanic-acc' multiply defined.


LaTeX Warning: Label `fig:titanic-recall' multiply defined.

)
\openout1 = `HW3.aux'.

LaTeX Font Info:    Checking defaults for OML/cmm/m/it on input line 97.
LaTeX Font Info:    ... okay on input line 97.
LaTeX Font Info:    Checking defaults for OMS/cmsy/m/n on input line 97.
LaTeX Font Info:    ... okay on input line 97.
LaTeX Font Info:    Checking defaults for OT1/cmr/m/n on input line 97.
LaTeX Font Info:    ... okay on input line 97.
LaTeX Font Info:    Checking defaults for T1/cmr/m/n on input line 97.
LaTeX Font Info:    ... okay on input line 97.
LaTeX Font Info:    Checking defaults for TS1/cmr/m/n on input line 97.
LaTeX Font Info:    ... okay on input line 97.
LaTeX Font Info:    Checking defaults for OMX/cmex/m/n on input line 97.
LaTeX Font Info:    ... okay on input line 97.
LaTeX Font Info:    Checking defaults for U/cmr/m/n on input line 97.
LaTeX Font Info:    ... okay on input line 97.
LaTeX Font Info:    Checking defaults for PD1/pdf/m/n on input line 97.
LaTeX Font Info:    ... okay on input line 97.
LaTeX Font Info:    Checking defaults for PU/pdf/m/n on input line 97.
LaTeX Font Info:    ... okay on input line 97.

*geometry* driver: auto-detecting
*geometry* detected driver: pdftex
*geometry* verbose mode - [ preamble ] result:
* driver: pdftex
* paper: <default>
* layout: <same size as paper>
* layoutoffset:(h,v)=(0.0pt,0.0pt)
* modes: 
* h-part:(L,W,R)=(71.13188pt, 474.87668pt, 68.28644pt)
* v-part:(T,H,B)=(64.01869pt, 645.59303pt, 85.35826pt)
* \paperwidth=614.295pt
* \paperheight=794.96999pt
* \textwidth=474.87668pt
* \textheight=645.59303pt
* \oddsidemargin=-1.1381pt
* \evensidemargin=-1.1381pt
* \topmargin=-45.2513pt
* \headheight=12.0pt
* \headsep=25.0pt
* \topskip=10.0pt
* \footskip=30.0pt
* \marginparwidth=65.0pt
* \marginparsep=11.0pt
* \columnsep=10.0pt
* \skip\footins=9.0pt plus 4.0pt minus 2.0pt
* \hoffset=0.0pt
* \voffset=0.0pt
* \mag=1000
* \@twocolumnfalse
* \@twosidefalse
* \@mparswitchfalse
* \@reversemarginfalse
* (1in=72.27pt=25.4mm, 1cm=28.453pt)

LaTeX Info: Redefining \microtypecontext on input line 97.
Package microtype Info: Applying patch `item' on input line 97.
Package microtype Info: Applying patch `toc' on input line 97.
Package microtype Info: Applying patch `eqnum' on input line 97.
Package microtype Info: Applying patch `footnote' on input line 97.
Package microtype Info: Applying patch `verbatim' on input line 97.
LaTeX Info: Redefining \microtypesetup on input line 97.
Package microtype Info: Generating PDF output.
Package microtype Info: Character protrusion enabled (level 2).
Package microtype Info: Using default protrusion set `alltext'.
Package microtype Info: Automatic font expansion enabled (level 2),
(microtype)             stretch: 20, shrink: 20, step: 1, non-selected.
Package microtype Info: Using default expansion set `alltext-nott'.
Package microtype Info: Patching command `\showhyphens'.
Package microtype Info: No adjustment of tracking.
Package microtype Info: No adjustment of interword spacing.
Package microtype Info: No adjustment of character kerning.
(/usr/share/texmf-dist/tex/latex/microtype/mt-cmr.cfg
File: mt-cmr.cfg 2013/05/19 v2.2 microtype config. file: Computer Modern Roman (RS)
) (/usr/share/texmf-dist/tex/context/base/mkii/supp-pdf.mkii
[Loading MPS to PDF converter (version 2006.09.02).]
\scratchcounter=\count389
\scratchdimen=\dimen343
\scratchbox=\box96
\nofMPsegments=\count390
\nofMParguments=\count391
\everyMPshowfont=\toks61
\MPscratchCnt=\count392
\MPscratchDim=\dimen344
\MPnumerator=\count393
\makeMPintoPDFobject=\count394
\everyMPtoPDFconversion=\toks62
) (/usr/share/texmf-dist/tex/latex/epstopdf-pkg/epstopdf-base.sty
Package: epstopdf-base 2020-01-24 v2.11 Base part for package epstopdf
Package epstopdf-base Info: Redefining graphics rule for `.eps' on input line 485.
 (/usr/share/texmf-dist/tex/latex/latexconfig/epstopdf-sys.cfg
File: epstopdf-sys.cfg 2010/07/13 v1.3 Configuration of (r)epstopdf for TeX Live
))
LaTeX Info: Redefining \celsius on input line 97.
Package gensymb Info: Faking symbols for \degree and \celsius on input line 97.


Package gensymb Warning: Not defining \perthousand.

LaTeX Info: Redefining \ohm on input line 97.
Package gensymb Info: Using \Omega for \ohm on input line 97.

Package gensymb Warning: Not defining \micro.

Package caption Info: Begin \AtBeginDocument code.
Package caption Info: hyperref package is loaded.
Package caption Info: listings package is loaded.
Package caption Info: End \AtBeginDocument code.
Package hyperref Info: Link coloring ON on input line 97.
(./HW3.out) (./HW3.out)
\@outlinefile=\write4
\openout4 = `HW3.out'.

\c@lstlisting=\count395
LaTeX Font Info:    Trying to load font information for U+msa on input line 125.
 (/usr/share/texmf-dist/tex/latex/amsfonts/umsa.fd
File: umsa.fd 2013/01/14 v3.01 AMS symbols A
) (/usr/share/texmf-dist/tex/latex/microtype/mt-msa.cfg
File: mt-msa.cfg 2006/02/04 v1.1 microtype config. file: AMS symbols (a) (RS)
)
LaTeX Font Info:    Trying to load font information for U+msb on input line 125.
 (/usr/share/texmf-dist/tex/latex/amsfonts/umsb.fd
File: umsb.fd 2013/01/14 v3.01 AMS symbols B
) (/usr/share/texmf-dist/tex/latex/microtype/mt-msb.cfg
File: mt-msb.cfg 2005/06/01 v1.0 microtype config. file: AMS symbols (b) (RS)
)
LaTeX Font Info:    Trying to load font information for U+rsfs on input line 125.
 (/usr/share/texmf-dist/tex/latex/jknapltx/ursfs.fd
File: ursfs.fd 1998/03/24 rsfs font definition file (jk)
) [1

{/var/lib/texmf/fonts/map/pdftex/updmap/pdftex.map}{/usr/share/texmf-dist/fonts/enc/dvips/cm-super/cm-super-ts1.enc}] [2]
<figures/HW3_cross_val_stratified2.png, id=76, 1270.7475pt x 495.8525pt>
File: figures/HW3_cross_val_stratified2.png Graphic file (type png)
<use figures/HW3_cross_val_stratified2.png>
Package pdftex.def Info: figures/HW3_cross_val_stratified2.png  used on input line 189.
(pdftex.def)             Requested size: 356.1575pt x 138.97394pt.
LaTeX Font Info:    Trying to load font information for OT1+pcr on input line 190.
 (/usr/share/texmf-dist/tex/latex/psnfss/ot1pcr.fd
File: ot1pcr.fd 2001/06/04 font definitions for OT1/pcr.
)
Package microtype Info: Loading generic protrusion settings for font family
(microtype)             `pcr' (encoding: OT1).
(microtype)             For optimal results, create family-specific settings.
(microtype)             See the microtype manual for details.
 [3{/usr/share/texmf-dist/fonts/enc/dvips/base/8r.enc} <./figures/HW3_cross_val_stratified2.png>] [4]
./HW3.tex:252: Undefined control sequence.
l.252 ...extbf{WDBC} Hyperparameter ($k=5$, \textt
                                                  {max\_depth}=8, \texttt{mi...
The control sequence at the end of the top line
of your error message was never \def'ed. If you have
misspelled it (e.g., `\hobx'), type `I' and the correct
spelling (e.g., `I\hbox'). Otherwise just continue,
and I'll forget about whatever was undefined.

./HW3.tex:254: Undefined control sequence.
l.254 ...extbf{Loan} Hyperparameter ($k=5$, \textt
                                                  {max\_depth}=5, \texttt{mi...
The control sequence at the end of the top line
of your error message was never \def'ed. If you have
misspelled it (e.g., `\hobx'), type `I' and the correct
spelling (e.g., `I\hbox'). Otherwise just continue,
and I'll forget about whatever was undefined.

[5]
./HW3.tex:302: Undefined control sequence.
l.302 ...extbf{WDBC} Hyperparameter ($k=5$, \textt
                                                  {max\_depth}=8, \texttt{mi...
The control sequence at the end of the top line
of your error message was never \def'ed. If you have
misspelled it (e.g., `\hobx'), type `I' and the correct
spelling (e.g., `I\hbox'). Otherwise just continue,
and I'll forget about whatever was undefined.

./HW3.tex:304: Undefined control sequence.
l.304 ...extbf{Loan} Hyperparameter ($k=5$, \textt
                                                  {max\_depth}=5, \texttt{mi...
The control sequence at the end of the top line
of your error message was never \def'ed. If you have
misspelled it (e.g., `\hobx'), type `I' and the correct
spelling (e.g., `I\hbox'). Otherwise just continue,
and I'll forget about whatever was undefined.

</home/zichenw/Downloads/cs589_HW/HW3/HW3_CMPSCI_589_Spring2026_Supporting_Files/latex_source/wdbc_k5_depth8_minsplit2/WDBC_5_depth_8_minsplit2_acc.png, id=100, 455.301pt x 338.9463pt>
File: /home/zichenw/Downloads/cs589_HW/HW3/HW3_CMPSCI_589_Spring2026_Supporting_Files/latex_source/wdbc_k5_depth8_minsplit2/WDBC_5_depth_8_minsplit2_acc.png Graphic file (type png)
<use /home/zichenw/Downloads/cs589_HW/HW3/HW3_CMPSCI_589_Spring2026_Supporting_Files/latex_source/wdbc_k5_depth8_minsplit2/WDBC_5_depth_8_minsplit2_acc.png>
Package pdftex.def Info: /home/zichenw/Downloads/cs589_HW/HW3/HW3_CMPSCI_589_Spring2026_Supporting_Files/latex_source/wdbc_k5_depth8_minsplit2/WDBC_5_depth_8_minsplit2_acc.png  used on input line 311.
(pdftex.def)             Requested size: 227.93877pt x 169.68478pt.
</home/zichenw/Downloads/cs589_HW/HW3/HW3_CMPSCI_589_Spring2026_Supporting_Files/latex_source/wdbc_k5_depth8_minsplit2/WDBC_5_depth_8_minsplit2_recall.png, id=101, 455.301pt x 338.9463pt>
File: /home/zichenw/Downloads/cs589_HW/HW3/HW3_CMPSCI_589_Spring2026_Supporting_Files/latex_source/wdbc_k5_depth8_minsplit2/WDBC_5_depth_8_minsplit2_recall.png Graphic file (type png)
<use /home/zichenw/Downloads/cs589_HW/HW3/HW3_CMPSCI_589_Spring2026_Supporting_Files/latex_source/wdbc_k5_depth8_minsplit2/WDBC_5_depth_8_minsplit2_recall.png>
Package pdftex.def Info: /home/zichenw/Downloads/cs589_HW/HW3/HW3_CMPSCI_589_Spring2026_Supporting_Files/latex_source/wdbc_k5_depth8_minsplit2/WDBC_5_depth_8_minsplit2_recall.png  used on input line 318.
(pdftex.def)             Requested size: 227.93877pt x 169.68478pt.
</home/zichenw/Downloads/cs589_HW/HW3/HW3_CMPSCI_589_Spring2026_Supporting_Files/latex_source/wdbc_k5_depth8_minsplit2/WDBC_5_depth_8_minsplit2_prec.png, id=102, 455.301pt x 338.9463pt>
File: /home/zichenw/Downloads/cs589_HW/HW3/HW3_CMPSCI_589_Spring2026_Supporting_Files/latex_source/wdbc_k5_depth8_minsplit2/WDBC_5_depth_8_minsplit2_prec.png Graphic file (type png)
<use /home/zichenw/Downloads/cs589_HW/HW3/HW3_CMPSCI_589_Spring2026_Supporting_Files/latex_source/wdbc_k5_depth8_minsplit2/WDBC_5_depth_8_minsplit2_prec.png>
Package pdftex.def Info: /home/zichenw/Downloads/cs589_HW/HW3/HW3_CMPSCI_589_Spring2026_Supporting_Files/latex_source/wdbc_k5_depth8_minsplit2/WDBC_5_depth_8_minsplit2_prec.png  used on input line 329.
(pdftex.def)             Requested size: 227.93877pt x 169.68478pt.
</home/zichenw/Downloads/cs589_HW/HW3/HW3_CMPSCI_589_Spring2026_Supporting_Files/latex_source/wdbc_k5_depth8_minsplit2/WDBC_5_depth_8_minsplit2_f1.png, id=103, 455.301pt x 338.9463pt>
File: /home/zichenw/Downloads/cs589_HW/HW3/HW3_CMPSCI_589_Spring2026_Supporting_Files/latex_source/wdbc_k5_depth8_minsplit2/WDBC_5_depth_8_minsplit2_f1.png Graphic file (type png)
<use /home/zichenw/Downloads/cs589_HW/HW3/HW3_CMPSCI_589_Spring2026_Supporting_Files/latex_source/wdbc_k5_depth8_minsplit2/WDBC_5_depth_8_minsplit2_f1.png>
Package pdftex.def Info: /home/zichenw/Downloads/cs589_HW/HW3/HW3_CMPSCI_589_Spring2026_Supporting_Files/latex_source/wdbc_k5_depth8_minsplit2/WDBC_5_depth_8_minsplit2_f1.png  used on input line 336.
(pdftex.def)             Requested size: 227.93877pt x 169.68478pt.
[6 </home/zichenw/Downloads/cs589_HW/HW3/HW3_CMPSCI_589_Spring2026_Supporting_Files/latex_source/wdbc_k5_depth8_minsplit2/WDBC_5_depth_8_minsplit2_acc.png> </home/zichenw/Downloads/cs589_HW/HW3/HW3_CMPSCI_589_Spring2026_Supporting_Files/latex_source/wdbc_k5_depth8_minsplit2/WDBC_5_depth_8_minsplit2_recall.png> </home/zichenw/Downloads/cs589_HW/HW3/HW3_CMPSCI_589_Spring2026_Supporting_Files/latex_source/wdbc_k5_depth8_minsplit2/WDBC_5_depth_8_minsplit2_prec.png> </home/zichenw/Downloads/cs589_HW/HW3/HW3_CMPSCI_589_Spring2026_Supporting_Files/latex_source/wdbc_k5_depth8_minsplit2/WDBC_5_depth_8_minsplit2_f1.png>]
</home/zichenw/Downloads/cs589_HW/HW3/HW3_CMPSCI_589_Spring2026_Supporting_Files/latex_source/loan_k5_depth5_minsplit2/Loan_5_depth_5_minsplit2_acc.png, id=115, 455.301pt x 338.9463pt>
File: /home/zichenw/Downloads/cs589_HW/HW3/HW3_CMPSCI_589_Spring2026_Supporting_Files/latex_source/loan_k5_depth5_minsplit2/Loan_5_depth_5_minsplit2_acc.png Graphic file (type png)
<use /home/zichenw/Downloads/cs589_HW/HW3/HW3_CMPSCI_589_Spring2026_Supporting_Files/latex_source/loan_k5_depth5_minsplit2/Loan_5_depth_5_minsplit2_acc.png>
Package pdftex.def Info: /home/zichenw/Downloads/cs589_HW/HW3/HW3_CMPSCI_589_Spring2026_Supporting_Files/latex_source/loan_k5_depth5_minsplit2/Loan_5_depth_5_minsplit2_acc.png  used on input line 349.
(pdftex.def)             Requested size: 227.93877pt x 169.68478pt.
</home/zichenw/Downloads/cs589_HW/HW3/HW3_CMPSCI_589_Spring2026_Supporting_Files/latex_source/loan_k5_depth5_minsplit2/Loan_5_depth_5_minsplit2_recall.png, id=116, 455.301pt x 338.9463pt>
File: /home/zichenw/Downloads/cs589_HW/HW3/HW3_CMPSCI_589_Spring2026_Supporting_Files/latex_source/loan_k5_depth5_minsplit2/Loan_5_depth_5_minsplit2_recall.png Graphic file (type png)
<use /home/zichenw/Downloads/cs589_HW/HW3/HW3_CMPSCI_589_Spring2026_Supporting_Files/latex_source/loan_k5_depth5_minsplit2/Loan_5_depth_5_minsplit2_recall.png>
Package pdftex.def Info: /home/zichenw/Downloads/cs589_HW/HW3/HW3_CMPSCI_589_Spring2026_Supporting_Files/latex_source/loan_k5_depth5_minsplit2/Loan_5_depth_5_minsplit2_recall.png  used on input line 356.
(pdftex.def)             Requested size: 227.93877pt x 169.68478pt.
</home/zichenw/Downloads/cs589_HW/HW3/HW3_CMPSCI_589_Spring2026_Supporting_Files/latex_source/loan_k5_depth5_minsplit2/Loan_5_depth_5_minsplit2_prec.png, id=117, 455.301pt x 338.9463pt>
File: /home/zichenw/Downloads/cs589_HW/HW3/HW3_CMPSCI_589_Spring2026_Supporting_Files/latex_source/loan_k5_depth5_minsplit2/Loan_5_depth_5_minsplit2_prec.png Graphic file (type png)
<use /home/zichenw/Downloads/cs589_HW/HW3/HW3_CMPSCI_589_Spring2026_Supporting_Files/latex_source/loan_k5_depth5_minsplit2/Loan_5_depth_5_minsplit2_prec.png>
Package pdftex.def Info: /home/zichenw/Downloads/cs589_HW/HW3/HW3_CMPSCI_589_Spring2026_Supporting_Files/latex_source/loan_k5_depth5_minsplit2/Loan_5_depth_5_minsplit2_prec.png  used on input line 367.
(pdftex.def)             Requested size: 227.93877pt x 169.68478pt.
</home/zichenw/Downloads/cs589_HW/HW3/HW3_CMPSCI_589_Spring2026_Supporting_Files/latex_source/loan_k5_depth5_minsplit2/Loan_5_depth_5_minsplit2_f1.png, id=118, 455.301pt x 338.9463pt>
File: /home/zichenw/Downloads/cs589_HW/HW3/HW3_CMPSCI_589_Spring2026_Supporting_Files/latex_source/loan_k5_depth5_minsplit2/Loan_5_depth_5_minsplit2_f1.png Graphic file (type png)
<use /home/zichenw/Downloads/cs589_HW/HW3/HW3_CMPSCI_589_Spring2026_Supporting_Files/latex_source/loan_k5_depth5_minsplit2/Loan_5_depth_5_minsplit2_f1.png>
Package pdftex.def Info: /home/zichenw/Downloads/cs589_HW/HW3/HW3_CMPSCI_589_Spring2026_Supporting_Files/latex_source/loan_k5_depth5_minsplit2/Loan_5_depth_5_minsplit2_f1.png  used on input line 374.
(pdftex.def)             Requested size: 227.93877pt x 169.68478pt.
 [7 </home/zichenw/Downloads/cs589_HW/HW3/HW3_CMPSCI_589_Spring2026_Supporting_Files/latex_source/loan_k5_depth5_minsplit2/Loan_5_depth_5_minsplit2_acc.png> </home/zichenw/Downloads/cs589_HW/HW3/HW3_CMPSCI_589_Spring2026_Supporting_Files/latex_source/loan_k5_depth5_minsplit2/Loan_5_depth_5_minsplit2_recall.png> </home/zichenw/Downloads/cs589_HW/HW3/HW3_CMPSCI_589_Spring2026_Supporting_Files/latex_source/loan_k5_depth5_minsplit2/Loan_5_depth_5_minsplit2_prec.png> </home/zichenw/Downloads/cs589_HW/HW3/HW3_CMPSCI_589_Spring2026_Supporting_Files/latex_source/loan_k5_depth5_minsplit2/Loan_5_depth_5_minsplit2_f1.png>]
./HW3.tex:384: Undefined control sequence.
l.384 ...extbf{WDBC} Hyperparameter ($k=5$, \textt
                                                  {max\_depth}=8, \texttt{mi...
The control sequence at the end of the top line
of your error message was never \def'ed. If you have
misspelled it (e.g., `\hobx'), type `I' and the correct
spelling (e.g., `I\hbox'). Otherwise just continue,
and I'll forget about whatever was undefined.

./HW3.tex:386: Undefined control sequence.
l.386 ...extbf{Loan} Hyperparameter ($k=5$, \textt
                                                  {max\_depth}=5, \texttt{mi...
The control sequence at the end of the top line
of your error message was never \def'ed. If you have
misspelled it (e.g., `\hobx'), type `I' and the correct
spelling (e.g., `I\hbox'). Otherwise just continue,
and I'll forget about whatever was undefined.

[8]
Underfull \hbox (badness 10000) in paragraph at lines 416--417

 []


Underfull \hbox (badness 10000) in paragraph at lines 418--419

 []

[9]
./HW3.tex:458: Undefined control sequence.
l.458 ...tbf{Raisin} Hyperparameter ($k=5$, \textt
                                                  {max\_depth}=10, \texttt{m...
The control sequence at the end of the top line
of your error message was never \def'ed. If you have
misspelled it (e.g., `\hobx'), type `I' and the correct
spelling (e.g., `I\hbox'). Otherwise just continue,
and I'll forget about whatever was undefined.

[10]
./HW3.tex:488: Undefined control sequence.
l.488 ...tbf{Raisin} Hyperparameter ($k=5$, \textt
                                                  {max\_depth}=10, \texttt{m...
The control sequence at the end of the top line
of your error message was never \def'ed. If you have
misspelled it (e.g., `\hobx'), type `I' and the correct
spelling (e.g., `I\hbox'). Otherwise just continue,
and I'll forget about whatever was undefined.

</home/zichenw/Downloads/cs589_HW/HW3/HW3_CMPSCI_589_Spring2026_Supporting_Files/latex_source/raisin_k5_depth10_minsplit5/Raisin_5_depth_10_minsplit5_acc.png, id=148, 455.301pt x 338.9463pt>
File: /home/zichenw/Downloads/cs589_HW/HW3/HW3_CMPSCI_589_Spring2026_Supporting_Files/latex_source/raisin_k5_depth10_minsplit5/Raisin_5_depth_10_minsplit5_acc.png Graphic file (type png)
<use /home/zichenw/Downloads/cs589_HW/HW3/HW3_CMPSCI_589_Spring2026_Supporting_Files/latex_source/raisin_k5_depth10_minsplit5/Raisin_5_depth_10_minsplit5_acc.png>
Package pdftex.def Info: /home/zichenw/Downloads/cs589_HW/HW3/HW3_CMPSCI_589_Spring2026_Supporting_Files/latex_source/raisin_k5_depth10_minsplit5/Raisin_5_depth_10_minsplit5_acc.png  used on input line 495.
(pdftex.def)             Requested size: 227.93877pt x 169.68478pt.
</home/zichenw/Downloads/cs589_HW/HW3/HW3_CMPSCI_589_Spring2026_Supporting_Files/latex_source/raisin_k5_depth10_minsplit5/Raisin_5_depth_10_minsplit5_recall.png, id=149, 455.301pt x 338.9463pt>
File: /home/zichenw/Downloads/cs589_HW/HW3/HW3_CMPSCI_589_Spring2026_Supporting_Files/latex_source/raisin_k5_depth10_minsplit5/Raisin_5_depth_10_minsplit5_recall.png Graphic file (type png)
<use /home/zichenw/Downloads/cs589_HW/HW3/HW3_CMPSCI_589_Spring2026_Supporting_Files/latex_source/raisin_k5_depth10_minsplit5/Raisin_5_depth_10_minsplit5_recall.png>
Package pdftex.def Info: /home/zichenw/Downloads/cs589_HW/HW3/HW3_CMPSCI_589_Spring2026_Supporting_Files/latex_source/raisin_k5_depth10_minsplit5/Raisin_5_depth_10_minsplit5_recall.png  used on input line 502.
(pdftex.def)             Requested size: 227.93877pt x 169.68478pt.
</home/zichenw/Downloads/cs589_HW/HW3/HW3_CMPSCI_589_Spring2026_Supporting_Files/latex_source/raisin_k5_depth10_minsplit5/Raisin_5_depth_10_minsplit5_prec.png, id=150, 455.301pt x 338.9463pt>
File: /home/zichenw/Downloads/cs589_HW/HW3/HW3_CMPSCI_589_Spring2026_Supporting_Files/latex_source/raisin_k5_depth10_minsplit5/Raisin_5_depth_10_minsplit5_prec.png Graphic file (type png)
<use /home/zichenw/Downloads/cs589_HW/HW3/HW3_CMPSCI_589_Spring2026_Supporting_Files/latex_source/raisin_k5_depth10_minsplit5/Raisin_5_depth_10_minsplit5_prec.png>
Package pdftex.def Info: /home/zichenw/Downloads/cs589_HW/HW3/HW3_CMPSCI_589_Spring2026_Supporting_Files/latex_source/raisin_k5_depth10_minsplit5/Raisin_5_depth_10_minsplit5_prec.png  used on input line 513.
(pdftex.def)             Requested size: 227.93877pt x 169.68478pt.
</home/zichenw/Downloads/cs589_HW/HW3/HW3_CMPSCI_589_Spring2026_Supporting_Files/latex_source/raisin_k5_depth10_minsplit5/Raisin_5_depth_10_minsplit5_f1.png, id=151, 455.301pt x 338.9463pt>
File: /home/zichenw/Downloads/cs589_HW/HW3/HW3_CMPSCI_589_Spring2026_Supporting_Files/latex_source/raisin_k5_depth10_minsplit5/Raisin_5_depth_10_minsplit5_f1.png Graphic file (type png)
<use /home/zichenw/Downloads/cs589_HW/HW3/HW3_CMPSCI_589_Spring2026_Supporting_Files/latex_source/raisin_k5_depth10_minsplit5/Raisin_5_depth_10_minsplit5_f1.png>
Package pdftex.def Info: /home/zichenw/Downloads/cs589_HW/HW3/HW3_CMPSCI_589_Spring2026_Supporting_Files/latex_source/raisin_k5_depth10_minsplit5/Raisin_5_depth_10_minsplit5_f1.png  used on input line 520.
(pdftex.def)             Requested size: 227.93877pt x 169.68478pt.
[11 </home/zichenw/Downloads/cs589_HW/HW3/HW3_CMPSCI_589_Spring2026_Supporting_Files/latex_source/raisin_k5_depth10_minsplit5/Raisin_5_depth_10_minsplit5_acc.png> </home/zichenw/Downloads/cs589_HW/HW3/HW3_CMPSCI_589_Spring2026_Supporting_Files/latex_source/raisin_k5_depth10_minsplit5/Raisin_5_depth_10_minsplit5_recall.png> </home/zichenw/Downloads/cs589_HW/HW3/HW3_CMPSCI_589_Spring2026_Supporting_Files/latex_source/raisin_k5_depth10_minsplit5/Raisin_5_depth_10_minsplit5_prec.png> </home/zichenw/Downloads/cs589_HW/HW3/HW3_CMPSCI_589_Spring2026_Supporting_Files/latex_source/raisin_k5_depth10_minsplit5/Raisin_5_depth_10_minsplit5_f1.png>]
./HW3.tex:530: Undefined control sequence.
l.530 ...tbf{Raisin} Hyperparameter ($k=5$, \textt
                                                  {max\_depth}=10, \texttt{m...
The control sequence at the end of the top line
of your error message was never \def'ed. If you have
misspelled it (e.g., `\hobx'), type `I' and the correct
spelling (e.g., `I\hbox'). Otherwise just continue,
and I'll forget about whatever was undefined.

[12]
Underfull \hbox (badness 10000) in paragraph at lines 545--546

 []


Underfull \hbox (badness 10000) in paragraph at lines 547--548

 []

[13]
./HW3.tex:574: Undefined control sequence.
l.574 ...bf{Titanic} Hyperparameter ($k=5$, \textt
                                                  {max\_depth}=15, \texttt{m...
The control sequence at the end of the top line
of your error message was never \def'ed. If you have
misspelled it (e.g., `\hobx'), type `I' and the correct
spelling (e.g., `I\hbox'). Otherwise just continue,
and I'll forget about whatever was undefined.

[14]
./HW3.tex:604: Undefined control sequence.
l.604 ...bf{Titanic} Hyperparameter ($k=5$, \textt
                                                  {max\_depth}=15, \texttt{m...
The control sequence at the end of the top line
of your error message was never \def'ed. If you have
misspelled it (e.g., `\hobx'), type `I' and the correct
spelling (e.g., `I\hbox'). Otherwise just continue,
and I'll forget about whatever was undefined.

</home/zichenw/Downloads/cs589_HW/HW3/HW3_CMPSCI_589_Spring2026_Supporting_Files/latex_source/titanic_k5_depth15_minsplit2/titanic_5_depth_15_minsplit2_acc.png, id=182, 455.301pt x 338.9463pt>
File: /home/zichenw/Downloads/cs589_HW/HW3/HW3_CMPSCI_589_Spring2026_Supporting_Files/latex_source/titanic_k5_depth15_minsplit2/titanic_5_depth_15_minsplit2_acc.png Graphic file (type png)
<use /home/zichenw/Downloads/cs589_HW/HW3/HW3_CMPSCI_589_Spring2026_Supporting_Files/latex_source/titanic_k5_depth15_minsplit2/titanic_5_depth_15_minsplit2_acc.png>
Package pdftex.def Info: /home/zichenw/Downloads/cs589_HW/HW3/HW3_CMPSCI_589_Spring2026_Supporting_Files/latex_source/titanic_k5_depth15_minsplit2/titanic_5_depth_15_minsplit2_acc.png  used on input line 611.
(pdftex.def)             Requested size: 227.93877pt x 169.68478pt.
</home/zichenw/Downloads/cs589_HW/HW3/HW3_CMPSCI_589_Spring2026_Supporting_Files/latex_source/titanic_k5_depth15_minsplit2/titanic_5_depth_15_minsplit2_recall.png, id=183, 455.301pt x 338.9463pt>
File: /home/zichenw/Downloads/cs589_HW/HW3/HW3_CMPSCI_589_Spring2026_Supporting_Files/latex_source/titanic_k5_depth15_minsplit2/titanic_5_depth_15_minsplit2_recall.png Graphic file (type png)
<use /home/zichenw/Downloads/cs589_HW/HW3/HW3_CMPSCI_589_Spring2026_Supporting_Files/latex_source/titanic_k5_depth15_minsplit2/titanic_5_depth_15_minsplit2_recall.png>
Package pdftex.def Info: /home/zichenw/Downloads/cs589_HW/HW3/HW3_CMPSCI_589_Spring2026_Supporting_Files/latex_source/titanic_k5_depth15_minsplit2/titanic_5_depth_15_minsplit2_recall.png  used on input line 618.
(pdftex.def)             Requested size: 227.93877pt x 169.68478pt.
</home/zichenw/Downloads/cs589_HW/HW3/HW3_CMPSCI_589_Spring2026_Supporting_Files/latex_source/titanic_k5_depth15_minsplit2/titanic_5_depth_15_minsplit2_prec.png, id=184, 455.301pt x 338.9463pt>
File: /home/zichenw/Downloads/cs589_HW/HW3/HW3_CMPSCI_589_Spring2026_Supporting_Files/latex_source/titanic_k5_depth15_minsplit2/titanic_5_depth_15_minsplit2_prec.png Graphic file (type png)
<use /home/zichenw/Downloads/cs589_HW/HW3/HW3_CMPSCI_589_Spring2026_Supporting_Files/latex_source/titanic_k5_depth15_minsplit2/titanic_5_depth_15_minsplit2_prec.png>
Package pdftex.def Info: /home/zichenw/Downloads/cs589_HW/HW3/HW3_CMPSCI_589_Spring2026_Supporting_Files/latex_source/titanic_k5_depth15_minsplit2/titanic_5_depth_15_minsplit2_prec.png  used on input line 629.
(pdftex.def)             Requested size: 227.93877pt x 169.68478pt.
</home/zichenw/Downloads/cs589_HW/HW3/HW3_CMPSCI_589_Spring2026_Supporting_Files/latex_source/titanic_k5_depth15_minsplit2/titanic_5_depth_15_minsplit2_f1.png, id=185, 455.301pt x 338.9463pt>
File: /home/zichenw/Downloads/cs589_HW/HW3/HW3_CMPSCI_589_Spring2026_Supporting_Files/latex_source/titanic_k5_depth15_minsplit2/titanic_5_depth_15_minsplit2_f1.png Graphic file (type png)
<use /home/zichenw/Downloads/cs589_HW/HW3/HW3_CMPSCI_589_Spring2026_Supporting_Files/latex_source/titanic_k5_depth15_minsplit2/titanic_5_depth_15_minsplit2_f1.png>
Package pdftex.def Info: /home/zichenw/Downloads/cs589_HW/HW3/HW3_CMPSCI_589_Spring2026_Supporting_Files/latex_source/titanic_k5_depth15_minsplit2/titanic_5_depth_15_minsplit2_f1.png  used on input line 636.
(pdftex.def)             Requested size: 227.93877pt x 169.68478pt.
[15 </home/zichenw/Downloads/cs589_HW/HW3/HW3_CMPSCI_589_Spring2026_Supporting_Files/latex_source/titanic_k5_depth15_minsplit2/titanic_5_depth_15_minsplit2_acc.png> </home/zichenw/Downloads/cs589_HW/HW3/HW3_CMPSCI_589_Spring2026_Supporting_Files/latex_source/titanic_k5_depth15_minsplit2/titanic_5_depth_15_minsplit2_recall.png> </home/zichenw/Downloads/cs589_HW/HW3/HW3_CMPSCI_589_Spring2026_Supporting_Files/latex_source/titanic_k5_depth15_minsplit2/titanic_5_depth_15_minsplit2_prec.png> </home/zichenw/Downloads/cs589_HW/HW3/HW3_CMPSCI_589_Spring2026_Supporting_Files/latex_source/titanic_k5_depth15_minsplit2/titanic_5_depth_15_minsplit2_f1.png>]
./HW3.tex:646: Undefined control sequence.
l.646 ...bf{Titanic} Hyperparameter ($k=5$, \textt
                                                  {max\_depth}=15, \texttt{m...
The control sequence at the end of the top line
of your error message was never \def'ed. If you have
misspelled it (e.g., `\hobx'), type `I' and the correct
spelling (e.g., `I\hbox'). Otherwise just continue,
and I'll forget about whatever was undefined.

[16]
Underfull \hbox (badness 10000) in paragraph at lines 661--662

 []

[17] (./HW3.aux)
 ***********
LaTeX2e <2025-11-01>
L3 programming layer <2026-01-19>
 ***********


LaTeX Warning: There were multiply-defined labels.

Package rerunfilecheck Info: File `HW3.out' has not changed.
(rerunfilecheck)             Checksum: E34BBEF0CC78EE077C0D4B6B19D76A31;358.
 ) 
Here is how much of TeX's memory you used:
 34814 strings out of 469515
 693747 string characters out of 5470807
 1235384 words of memory out of 5000000
 62718 multiletter control sequences out of 15000+600000
 638004 words of font info for 132 fonts, out of 8000000 for 9000
 14 hyphenation exceptions out of 8191
 98i,9n,108p,1950b,996s stack positions out of 10000i,1000n,20000p,200000b,200000s
</usr/share/texmf-dist/fonts/type1/public/amsfonts/cm/cmbx10.pfb></usr/share/texmf-dist/fonts/type1/public/amsfonts/cm/cmbx12.pfb></usr/share/texmf-dist/fonts/type1/public/amsfonts/cm/cmbxti10.pfb></usr/share/texmf-dist/fonts/type1/public/amsfonts/cm/cmmi10.pfb></usr/share/texmf-dist/fonts/type1/public/amsfonts/cm/cmmi7.pfb></usr/share/texmf-dist/fonts/type1/public/amsfonts/cm/cmr10.pfb></usr/share/texmf-dist/fonts/type1/public/amsfonts/cm/cmr12.pfb></usr/share/texmf-dist/fonts/type1/public/amsfonts/cm/cmr7.pfb></usr/share/texmf-dist/fonts/type1/public/amsfonts/cm/cmsy10.pfb></usr/share/texmf-dist/fonts/type1/public/amsfonts/cm/cmti10.pfb></usr/share/texmf-dist/fonts/type1/public/cm-super/sfrm1000.pfb></usr/share/texmf-dist/fonts/type1/urw/courier/ucrb8a.pfb></usr/share/texmf-dist/fonts/type1/urw/courier/ucrr8a.pfb>
Output written on HW3.pdf (17 pages, 1262409 bytes).
PDF statistics:
 279 PDF objects out of 1000 (max. 8388607)
 173 compressed objects within 2 object streams
 51 named destinations out of 1000 (max. 500000)
 23818 words of extra memory for PDF output out of 24883 (max. 10000000)

